2026-09-01 20:29:17,746 [INFO] Activator:177 - 


2026-09-01 20:29:17,748 [INFO] Activator:178 - !SESSION log4j initialized
2026-09-01 20:29:20,189 [INFO] LogOutputStream:77 - [STDOUT_REDIRECT] 
2026-09-01 20:30:59,488 [INFO] Activator:177 - 


2026-09-01 20:30:59,489 [INFO] Activator:178 - !SESSION log4j initialized
2026-09-01 20:31:01,849 [INFO] LogOutputStream:77 - [STDOUT_REDIRECT] 
2026-09-01 21:04:32,695 [ERROR] ConfigurationRetriever:142 - IOException on connection: Read timed out
2026-09-01 21:04:34,697 [ERROR] ConfigurationRetriever:142 - IOException on connection: Connect timed out
2026-09-01 21:04:36,700 [ERROR] ConfigurationRetriever:142 - IOException on connection: Connect timed out
2026-09-01 21:15:40,911 [INFO] Activator:177 - 


2026-09-01 21:15:40,912 [INFO] Activator:178 - !SESSION log4j initialized
2026-09-01 21:15:42,703 [INFO] LogOutputStream:77 - [STDOUT_REDIRECT] 
2026-09-01 21:32:52,085 [INFO] Activator:177 - 


2026-09-01 21:32:52,087 [INFO] Activator:178 - !SESSION log4j initialized
2026-09-01 21:32:54,137 [INFO] LogOutputStream:77 - [STDOUT_REDIRECT] 
2026-09-01 21:41:52,634 [INFO] Activator:177 - 


2026-09-01 21:41:52,635 [INFO] Activator:178 - !SESSION log4j initialized
2026-09-01 21:41:55,038 [INFO] LogOutputStream:77 - [STDOUT_REDIRECT] 
2026-09-01 21:41:59,147 [ERROR] ConfigurationRetriever:142 - IOException on connection: Connect timed out
2026-09-01 21:42:55,575 [ERROR] ConfigurationRetriever:142 - IOException on connection: Read timed out
2026-09-01 21:43:01,619 [ERROR] ConfigurationRetriever:142 - IOException on connection: Read timed out
2026-09-01 22:03:40,541 [INFO] Activator:177 - 


2026-09-01 22:03:40,543 [INFO] Activator:178 - !SESSION log4j initialized
2026-09-01 22:03:42,894 [INFO] LogOutputStream:77 - [STDOUT_REDIRECT] 
